// Jest Snapshot v1, https://goo.gl/fbAQLP

exports[`Mesh Check computing normals on 2 neighboring quads 1`] = `"{\\"type\\":\\"Mesh\\",\\"numVertices\\":6,\\"vertexAttributes\\":{\\"positions\\":{\\"data\\":{\\"0\\":0,\\"1\\":48128,\\"2\\":48128,\\"3\\":0,\\"4\\":48128,\\"5\\":15360,\\"6\\":0,\\"7\\":15360,\\"8\\":15360,\\"9\\":0,\\"10\\":15360,\\"11\\":48128,\\"12\\":15360,\\"13\\":15360,\\"14\\":15360,\\"15\\":15360,\\"16\\":15360,\\"17\\":48128},\\"dataType\\":\\"Vec3f16\\",\\"length\\":6},\\"normals\\":{\\"data\\":{\\"0\\":-127,\\"1\\":0,\\"2\\":0,\\"3\\":-127,\\"4\\":0,\\"5\\":0,\\"6\\":-127,\\"7\\":0,\\"8\\":0,\\"9\\":0,\\"10\\":127,\\"11\\":0,\\"12\\":0,\\"13\\":127,\\"14\\":0,\\"15\\":0,\\"16\\":127,\\"17\\":0},\\"dataType\\":\\"Vec3f8\\",\\"length\\":6}},\\"faceCounts\\":[0,2,0],\\"faceVertexIndices\\":[0,1,2,3,3,2,4,5]}"`;

exports[`Mesh saves to JSON (serialization). 1`] = `"{\\"type\\":\\"Mesh\\",\\"numVertices\\":3,\\"vertexAttributes\\":{\\"positions\\":{\\"data\\":{\\"0\\":15360,\\"1\\":16384,\\"2\\":16896,\\"3\\":48128,\\"4\\":49152,\\"5\\":49664,\\"6\\":16384,\\"7\\":15360,\\"8\\":49664},\\"dataType\\":\\"Vec3f16\\",\\"length\\":3}},\\"faceCounts\\":[1],\\"faceVertexIndices\\":[0,1,2]}"`;
