// Jest Snapshot v1, https://goo.gl/fbAQLP

exports[`Points saves to JSON (serialization). 1`] = `"{\\"type\\":\\"Points\\",\\"numVertices\\":3,\\"vertexAttributes\\":{\\"positions\\":{\\"data\\":{\\"0\\":15360,\\"1\\":16384,\\"2\\":16896,\\"3\\":48128,\\"4\\":49152,\\"5\\":49664,\\"6\\":16384,\\"7\\":15360,\\"8\\":49664},\\"dataType\\":\\"Vec3\\",\\"length\\":3}}}"`;
